Archive member included because of file (symbol)

../cross_compiler/lib/gcc/arm-none-eabi/4.8.1//libgcc.a(_arm_muldivdf3.o)
                              binaries/doprnt.o (__aeabi_dmul)
../cross_compiler/lib/gcc/arm-none-eabi/4.8.1//libgcc.a(_arm_cmpdf2.o)
                              binaries/doprnt.o (__aeabi_dcmplt)
../cross_compiler/lib/gcc/arm-none-eabi/4.8.1//libgcc.a(_arm_fixdfsi.o)
                              binaries/doprnt.o (__aeabi_d2iz)

Allocating common symbols
Common symbol       size              file

netbufpool          0x4               binaries/net.o
readylist           0x2               binaries/ready.o
rfltab              0x5a0             binaries/rflinit.o
netportseed         0x4               binaries/net.o
sleepq              0x2               binaries/clkinit.o
gpiotab             0x10              binaries/gpioinit.o
intc_vector         0x200             binaries/evec.o
nnames              0x4               binaries/naminit.o
udptab              0x168             binaries/udp.o
minheap             0x4               binaries/meminit.o
marks               0x50              binaries/mark.o
currpid             0x4               binaries/initialize.o
Lf_data             0x20c             binaries/lfsinit.o
porttab             0x2d0             binaries/ptinit.o
ttytab              0x110             binaries/ttyinit.o
proctab             0x15e0            binaries/initialize.o
eth_a_regs          0x1c              binaries/ethinit.o
prcount             0x4               binaries/initialize.o
lfltab              0xf00             binaries/lflinit.o
rdstab              0x8c              binaries/rdsinit.o
ethertab            0x138             binaries/ethinit.o
NetData             0xb0              binaries/net.o
nmarks              0x4               binaries/mark.o
Defer               0x8               binaries/resched.o
semtab              0x4b0             binaries/initialize.o
maxheap             0x4               binaries/meminit.o
preempt             0x4               binaries/clkinit.o
buftab              0xf0              binaries/bufinit.o
Rf_data             0x18              binaries/rfsinit.o
mkmutex             0x4               binaries/mark.o
clktime             0x4               binaries/clkinit.o
arpcache            0x140             binaries/arp.o
icmptab             0x230             binaries/icmp.o
nbpools             0x4               binaries/bufinit.o
queuetab            0x980             binaries/queue.o
ptnextid            0x4               binaries/ptinit.o
Ram                 0x19000           binaries/raminit.o
ipoqueue            0x2c              binaries/ip.o
memlist             0x8               binaries/initialize.o
nametab             0x19a0            binaries/naminit.o
ptfree              0x4               binaries/ptinit.o

Memory Configuration

Name             Origin             Length             Attributes
*default*        0x00000000         0xffffffff

Linker script and memory map

                0x42000000                physbase = 0x42000000
                0x42000000                . = physbase
                0x42000000                . = ALIGN (0x1000)

.text           0x42000000    0x15000
                0x42000000                text = ABSOLUTE (.)
 *(.text .text.*)
 .text          0x42000000       0x80 binaries/start.o
                0x42000000                start
 .text          0x42000080      0x33c binaries/ascdate.o
                0x42000080                ascdate
 .text          0x420003bc       0x18 binaries/bufinit.o
                0x420003bc                bufinit
 .text          0x420003d4       0x68 binaries/chprio.o
                0x420003d4                chprio
 .text          0x4200043c       0xf0 binaries/clkhandler.o
                0x4200043c                clkhandler
 .text          0x4200052c       0xd4 binaries/clkinit.o
                0x4200052c                clkinit
 .text          0x42000600       0x50 binaries/close.o
                0x42000600                close
 .text          0x42000650        0x0 binaries/conf.o
 .text          0x42000650       0x68 binaries/control.o
                0x42000650                control
 .text          0x420006b8      0x290 binaries/create.o
                0x420006b8                create
 .text          0x42000948       0xc4 binaries/evec.o
                0x42000948                initintc
                0x42000974                set_evec
                0x420009b4                irq_dispatch
 .text          0x42000a0c       0x10 binaries/exit.o
                0x42000a0c                exit
 .text          0x42000a1c       0x7c binaries/freebuf.o
                0x42000a1c                freebuf
 .text          0x42000a98      0x148 binaries/freemem.o
                0x42000a98                freemem
 .text          0x42000be0       0x78 binaries/getbuf.o
                0x42000be0                getbuf
 .text          0x42000c58       0x50 binaries/getc.o
                0x42000c58                getc
 .text          0x42000ca8       0x68 binaries/getdev.o
                0x42000ca8                getdev
 .text          0x42000d10       0xa0 binaries/getitem.o
                0x42000d10                getitem
                0x42000d40                getfirst
                0x42000d74                getlast
 .text          0x42000db0      0x108 binaries/getmem.o
                0x42000db0                getmem
 .text          0x42000eb8       0x10 binaries/getpid.o
                0x42000eb8                getpid
 .text          0x42000ec8       0x5c binaries/getprio.o
                0x42000ec8                getprio
 .text          0x42000f24       0xc8 binaries/getstk.o
                0x42000f24                getstk
 .text          0x42000fec        0x8 binaries/getticks.o
                0x42000fec                getticks
 .text          0x42000ff4       0x38 binaries/gettime.o
                0x42000ff4                gettime
 .text          0x4200102c      0x1f4 binaries/getutime.o
                0x4200102c                getutime
 .text          0x42001220       0x50 binaries/init.o
                0x42001220                init
 .text          0x42001270      0x360 binaries/initialize.o
                0x42001314                nulluser
                0x42001570                stop
                0x42001594                delay
 .text          0x420015d0       0xd0 binaries/insert.o
                0x420015d0                insert
 .text          0x420016a0      0x134 binaries/insertd.o
                0x420016a0                insertd
 .text          0x420017d4        0x8 binaries/ioerr.o
                0x420017d4                ioerr
 .text          0x420017dc        0x8 binaries/ionull.o
                0x420017dc                ionull
 .text          0x420017e4      0x158 binaries/kill.o
                0x420017e4                kill
 .text          0x4200193c       0xd0 binaries/kprintf.o
                0x4200193c                kputc
                0x4200198c                kgetc
                0x420019cc                kprintf
 .text          0x42001a0c       0x98 binaries/main.o
                0x42001a0c                main
 .text          0x42001aa4       0xd0 binaries/mark.o
                0x42001aa4                markinit
                0x42001ad0                mark
 .text          0x42001b74       0x48 binaries/meminit.o
                0x42001b74                meminit
 .text          0x42001bbc      0x140 binaries/mkbufpool.o
                0x42001bbc                mkbufpool
 .text          0x42001cfc       0x7c binaries/newqueue.o
                0x42001cfc                newqueue
 .text          0x42001d78       0x60 binaries/open.o
                0x42001d78                open
 .text          0x42001dd8       0x20 binaries/panic.o
                0x42001dd8                panic
 .text          0x42001df8       0x64 binaries/platinit.o
                0x42001df8                counterinit
                0x42001e10                platinit
 .text          0x42001e5c       0xa8 binaries/ptclear.o
                0x42001e5c                _ptclear
 .text          0x42001f04       0x78 binaries/ptcount.o
                0x42001f04                ptcount
 .text          0x42001f7c       0xdc binaries/ptcreate.o
                0x42001f7c                ptcreate
 .text          0x42002058       0x74 binaries/ptdelete.o
                0x42002058                ptdelete
 .text          0x420020cc       0xbc binaries/ptinit.o
                0x420020cc                ptinit
 .text          0x42002188       0xd0 binaries/ptrecv.o
                0x42002188                ptrecv
 .text          0x42002258       0x68 binaries/ptreset.o
                0x42002258                ptreset
 .text          0x420022c0       0xf4 binaries/ptsend.o
                0x420022c0                ptsend
 .text          0x420023b4       0x58 binaries/putc.o
                0x420023b4                putc
 .text          0x4200240c       0xf4 binaries/queue.o
                0x4200240c                enqueue
                0x420024a4                dequeue
 .text          0x42002500       0x60 binaries/read.o
                0x42002500                read
 .text          0x42002560       0x74 binaries/ready.o
                0x42002560                ready
 .text          0x420025d4       0x60 binaries/receive.o
                0x420025d4                receive
 .text          0x42002634       0x48 binaries/recvclr.o
                0x42002634                recvclr
 .text          0x4200267c       0xb0 binaries/recvtime.o
                0x4200267c                recvtime
 .text          0x4200272c      0x1ac binaries/resched.o
                0x4200272c                resched
                0x4200281c                resched_cntl
 .text          0x420028d8       0x90 binaries/resume.o
                0x420028d8                resume
 .text          0x42002968       0x58 binaries/seek.o
                0x42002968                seek
 .text          0x420029c0       0x58 binaries/semcount.o
                0x420029c0                semcount
 .text          0x42002a18       0xb8 binaries/semcreate.o
                0x42002a18                semcreate
 .text          0x42002ad0       0xac binaries/semdelete.o
                0x42002ad0                semdelete
 .text          0x42002b7c       0xa4 binaries/semreset.o
                0x42002b7c                semreset
 .text          0x42002c20       0xc0 binaries/send.o
                0x42002c20                send
 .text          0x42002ce0       0x80 binaries/signal.o
                0x42002ce0                signal
 .text          0x42002d60       0xb0 binaries/signaln.o
                0x42002d60                signaln
 .text          0x42002e10       0xcc binaries/sleep.o
                0x42002e10                sleepms
                0x42002eac                sleep
 .text          0x42002edc       0xbc binaries/suspend.o
                0x42002edc                suspend
 .text          0x42002f98       0xb8 binaries/unsleep.o
                0x42002f98                unsleep
 .text          0x42003050       0x10 binaries/userret.o
                0x42003050                userret
 .text          0x42003060       0xac binaries/wait.o
                0x42003060                wait
 .text          0x4200310c       0xa0 binaries/wakeup.o
                0x4200310c                wakeup
 .text          0x420031ac       0x60 binaries/write.o
                0x420031ac                write
 .text          0x4200320c       0x18 binaries/xdone.o
                0x4200320c                xdone
 .text          0x42003224       0x20 binaries/yield.o
                0x42003224                yield
 .text          0x42003244        0xc binaries/abs.o
                0x42003244                abs
 .text          0x42003250      0x114 binaries/atoi.o
                0x42003250                atoi
 .text          0x42003364      0x114 binaries/atol.o
                0x42003364                atol
 .text          0x42003478       0x20 binaries/bzero.o
                0x42003478                bzero
 .text          0x42003498        0x0 binaries/ctype_.o
 .text          0x42003498      0xa34 binaries/doprnt.o
                0x420036b8                _doprnt
 .text          0x42003ecc      0x704 binaries/doscan.o
                0x42003ecc                _doscan
 .text          0x420045d0      0x898 binaries/fdoprnt.o
                0x4200467c                _fdoprnt
 .text          0x42004e68       0x14 binaries/fgetc.o
                0x42004e68                fgetc
 .text          0x42004e7c       0x84 binaries/fgets.o
                0x42004e7c                fgets
 .text          0x42004f00       0x3c binaries/fprintf.o
                0x42004f00                fprintf
 .text          0x42004f3c       0x24 binaries/fputc.o
                0x42004f3c                fputc
 .text          0x42004f60       0x38 binaries/fputs.o
                0x42004f60                fputs
 .text          0x42004f98       0x78 binaries/fscanf.o
                0x42004fcc                fscanf
 .text          0x42005010       0x2c binaries/getchar.o
                0x42005010                getchar
 .text          0x4200503c        0xc binaries/labs.o
                0x4200503c                labs
 .text          0x42005048        0x0 binaries/memchr.o
 .text          0x42005048       0x60 binaries/memcmp.o
                0x42005048                memcmp
 .text          0x420050a8       0x24 binaries/memcpy.o
                0x420050a8                memcpy
 .text          0x420050cc       0x20 binaries/memset.o
                0x420050cc                memset
 .text          0x420050ec       0x58 binaries/printf.o
                0x420050ec                printf
 .text          0x42005144       0x2c binaries/putchar.o
                0x42005144                putchar
 .text          0x42005170      0x24c binaries/qsort.o
                0x4200539c                qsort
 .text          0x420053bc       0x7c binaries/rand.o
                0x420053bc                rand
                0x420053f4                rand_r
                0x42005428                srand
 .text          0x42005438       0x68 binaries/sprintf.o
                0x42005450                sprintf
 .text          0x420054a0       0x78 binaries/sscanf.o
                0x420054d4                sscanf
 .text          0x42005518       0x48 binaries/strchr.o
                0x42005518                strchr
 .text          0x42005560       0x54 binaries/strcmp.o
                0x42005560                strcmp
 .text          0x420055b4       0x18 binaries/strcpy.o
                0x420055b4                strcpy
 .text          0x420055cc       0x30 binaries/strlen.o
                0x420055cc                strlen
 .text          0x420055fc       0x50 binaries/strncat.o
                0x420055fc                strncat
 .text          0x4200564c       0x54 binaries/strncmp.o
                0x4200564c                strncmp
 .text          0x420056a0       0x80 binaries/strncpy.o
                0x420056a0                strncpy
 .text          0x42005720       0x48 binaries/strnlen.o
                0x42005720                strnlen
 .text          0x42005768       0x58 binaries/strrchr.o
                0x42005768                strrchr
 .text          0x420057c0       0xb0 binaries/strstr.o
                0x420057c0                strstr
 .text          0x42005870       0xc8 binaries/ttycontrol.o
                0x42005870                ttycontrol
 .text          0x42005938       0x6c binaries/ttygetc.o
                0x42005938                ttygetc
 .text          0x420059a4      0x4e0 binaries/ttyhandle_in.o
                0x42005a70                ttyhandle_in
 .text          0x42005e84      0x14c binaries/ttyhandle_out.o
                0x42005e84                ttyhandle_out
 .text          0x42005fd0       0xc8 binaries/ttyhandler.o
                0x42005fd0                ttyhandler
 .text          0x42006098      0x120 binaries/ttyinit.o
                0x42006098                ttyinit
 .text          0x420061b8        0xc binaries/ttykickout.o
                0x420061b8                ttykickout
 .text          0x420061c4       0x78 binaries/ttyputc.o
                0x420061c4                ttyputc
 .text          0x4200623c      0x110 binaries/ttyread.o
                0x4200623c                ttyread
 .text          0x4200634c       0x4c binaries/ttywrite.o
                0x4200634c                ttywrite
 .text          0x42006398      0x134 binaries/mount.o
                0x42006398                namlen
                0x420063ec                mount
 .text          0x420064cc      0x1c8 binaries/naminit.o
                0x420064cc                naminit
 .text          0x42006694      0x238 binaries/nammap.o
                0x42006694                namrepl
                0x420067cc                namcpy
                0x42006828                nammap
 .text          0x420068cc       0x40 binaries/namopen.o
                0x420068cc                namopen
 .text          0x4200690c       0x40 binaries/ethcontrol.o
                0x4200690c                ethcontrol
 .text          0x4200694c      0x178 binaries/ethhandler.o
                0x4200694c                ethhandler
 .text          0x42006ac4      0x734 binaries/ethinit.o
                0x42006ac4                eth_phy_read
                0x42006b34                eth_phy_write
                0x42006b8c                eth_phy_reset
                0x42006cfc                ethinit
 .text          0x420071f8       0xd8 binaries/ethread.o
                0x420071f8                ethread
 .text          0x420072d0       0xf0 binaries/ethwrite.o
                0x420072d0                ethwrite
 .text          0x420073c0       0x90 binaries/rdsbufalloc.o
                0x420073c0                rdsbufalloc
 .text          0x42007450       0xa0 binaries/rdsclose.o
                0x42007450                rdsclose
 .text          0x420074f0      0x20c binaries/rdscomm.o
                0x420074f0                rdscomm
 .text          0x420076fc      0x1a0 binaries/rdscontrol.o
                0x420076fc                rdscontrol
 .text          0x4200789c      0x180 binaries/rdsinit.o
                0x4200789c                rdsinit
 .text          0x42007a1c      0x134 binaries/rdsopen.o
                0x42007a1c                rdsopen
 .text          0x42007b50      0x304 binaries/rdsprocess.o
                0x42007b50                rdsprocess
 .text          0x42007e54      0x210 binaries/rdsread.o
                0x42007e54                rdsread
 .text          0x42008064      0x184 binaries/rdswrite.o
                0x42008064                rdswrite
 .text          0x420081e8        0x8 binaries/ramclose.o
                0x420081e8                ramclose
 .text          0x420081f0       0x3c binaries/raminit.o
                0x420081f0                raminit
 .text          0x4200822c        0x8 binaries/ramopen.o
                0x4200822c                ramopen
 .text          0x42008234       0x24 binaries/ramread.o
                0x42008234                ramread
 .text          0x42008258       0x20 binaries/ramwrite.o
                0x42008258                ramwrite
 .text          0x42008278       0x94 binaries/lfdballoc.o
                0x42008278                lfdballoc
 .text          0x4200830c       0x4c binaries/lfdbfree.o
                0x4200830c                lfdbfree
 .text          0x42008358       0xb8 binaries/lfflush.o
                0x42008358                lfflush
 .text          0x42008410       0xc8 binaries/lfgetmode.o
                0x42008410                lfgetmode
 .text          0x420084d8       0x6c binaries/lfiballoc.o
                0x420084d8                lfiballoc
 .text          0x42008544       0x30 binaries/lfibclear.o
                0x42008544                lfibclear
 .text          0x42008574       0x64 binaries/lfibget.o
                0x42008574                lfibget
 .text          0x420085d8       0x8c binaries/lfibput.o
                0x420085d8                lfibput
 .text          0x42008664       0x84 binaries/lflclose.o
                0x42008664                lflclose
 .text          0x420086e8       0xa0 binaries/lflcontrol.o
                0x420086e8                lflcontrol
 .text          0x42008788       0xa8 binaries/lflgetc.o
                0x42008788                lflgetc
 .text          0x42008830       0xa8 binaries/lflinit.o
                0x42008830                lflinit
 .text          0x420088d8       0xdc binaries/lflputc.o
                0x420088d8                lflputc
 .text          0x420089b4       0x78 binaries/lflread.o
                0x420089b4                lflread
 .text          0x42008a2c       0x80 binaries/lflseek.o
                0x42008a2c                lflseek
 .text          0x42008aac       0x5c binaries/lflwrite.o
                0x42008aac                lflwrite
 .text          0x42008b08       0xa0 binaries/lfscheck.o
                0x42008b08                lfscheck
 .text          0x42008ba8      0x144 binaries/lfsckfmt.o
                0x42008ba8                lfsckfmt
 .text          0x42008cec      0x15c binaries/lfscreate.o
                0x42008cec                lfscreate
 .text          0x42008e48      0x1f0 binaries/lfsetup.o
                0x42008e48                lfsetup
 .text          0x42009038       0x44 binaries/lfsinit.o
                0x42009038                lfsinit
 .text          0x4200907c      0x358 binaries/lfsopen.o
                0x4200907c                lfsopen
 .text          0x420093d4      0x108 binaries/lftruncate.o
                0x420093d4                lftruncate
 .text          0x420094dc       0x70 binaries/rflclose.o
                0x420094dc                rflclose
 .text          0x4200954c       0x28 binaries/rflgetc.o
                0x4200954c                rflgetc
 .text          0x42009574       0x54 binaries/rflinit.o
                0x42009574                rflinit
 .text          0x420095c8       0x30 binaries/rflputc.o
                0x420095c8                rflputc
 .text          0x420095f8      0x28c binaries/rflread.o
                0x420095f8                rflread
 .text          0x42009884       0x74 binaries/rflseek.o
                0x42009884                rflseek
 .text          0x420098f8      0x2c8 binaries/rflwrite.o
                0x420098f8                rflwrite
 .text          0x42009bc0      0x198 binaries/rfscomm.o
                0x42009bc0                rfscomm
 .text          0x42009d58      0x21c binaries/rfscontrol.o
                0x42009d58                rfscontrol
 .text          0x42009f74       0xc8 binaries/rfsgetmode.o
                0x42009f74                rfsgetmode
 .text          0x4200a03c       0x84 binaries/rfsinit.o
                0x4200a03c                rfsinit
 .text          0x4200a0c0       0xa4 binaries/rfsndmsg.o
                0x4200a0c0                rfsndmsg
 .text          0x4200a164      0x22c binaries/rfsopen.o
                0x4200a164                rfsopen
 .text          0x4200a390       0x8c binaries/spicontrol.o
                0x4200a390                spicontrol
 .text          0x4200a41c       0xa8 binaries/spiinit.o
                0x4200a41c                spiinit
 .text          0x4200a4c4      0x19c binaries/gpiocontrol.o
                0x4200a4c4                gpiocontrol
 .text          0x4200a660      0x204 binaries/gpiohandler.o
                0x4200a660                gpiohandler
 .text          0x4200a864       0xe8 binaries/gpioinit.o
                0x4200a864                gpioinit
 .text          0x4200a94c       0x18 binaries/gpioread.o
                0x4200a94c                gpioread
 .text          0x4200a964       0x18 binaries/gpioselect.o
                0x4200a964                gpioselect
 .text          0x4200a97c       0x20 binaries/gpiowrite.o
                0x4200a97c                gpiowrite
 .text          0x4200a99c      0x714 binaries/arp.o
                0x4200a99c                arp_init
                0x4200a9bc                arp_alloc
                0x4200aa90                arp_ntoh
                0x4200ab34                arp_hton
                0x4200abd8                arp_resolve
                0x4200ae3c                arp_in
 .text          0x4200b0b0      0x6b0 binaries/dhcp.o
                0x4200b0b0                dhcp_get_opt_val
                0x4200b110                dhcp_bld_bootp_msg
                0x4200b208                dhcp_bld_disc
                0x4200b25c                dhcp_bld_req
                0x4200b320                getlocalip
 .text          0x4200b760      0x56c binaries/dns.o
                0x4200b848                dnslookup
 .text          0x4200bccc      0x120 binaries/dot2ip.o
                0x4200bccc                dot2ip
 .text          0x4200bdec      0x33c binaries/hexdump.o
                0x4200bdec                hexdump
                0x4200bf4c                hexadump
 .text          0x4200c128      0x660 binaries/icmp.o
                0x4200c128                icmp_init
                0x4200c14c                icmp_register
                0x4200c208                icmp_recv
                0x4200c358                icmp_mkpkt
                0x4200c448                icmp_in
                0x4200c594                icmp_send
                0x4200c604                icmp_release
                0x4200c6c0                icmp_cksum
                0x4200c720                icmp_hton
                0x4200c754                icmp_ntoh
 .text          0x4200c788      0x674 binaries/ip.o
                0x4200c788                ip_local
                0x4200c7b8                ipcksum
                0x4200c7fc                ip_ntoh
                0x4200c8a0                ip_in
                0x4200c9dc                ip_hton
                0x4200ca80                ip_out
                0x4200cb34                ip_send
                0x4200cc64                ipout
                0x4200cd60                ip_enqueue
 .text          0x4200cdfc      0x228 binaries/net.o
                0x4200cdfc                net_init
                0x4200cf04                eth_hton
                0x4200cf18                eth_ntoh
                0x4200cf2c                netin
                0x4200cfd4                getport
 .text          0x4200d024      0x9dc binaries/pdump.o
                0x4200d024                pdump
                0x4200d5b0                pdumph
 .text          0x4200da00      0x56c binaries/tftp.o
                0x4200da00                tftp_send1
                0x4200daec                tftpget_mb
                0x4200df38                tftpget
 .text          0x4200df6c      0x890 binaries/udp.o
                0x4200df6c                udp_init
                0x4200df94                udp_in
                0x4200e080                udp_register
                0x4200e17c                udp_recv
                0x4200e2b0                udp_recvaddr
                0x4200e400                udp_send
                0x4200e578                udp_sendto
                0x4200e6d8                udp_release
                0x4200e794                udp_ntoh
                0x4200e7c8                udp_hton
 .text          0x4200e7fc      0x120 binaries/addargs.o
                0x4200e7fc                addargs
 .text          0x4200e91c      0x2b4 binaries/lexan.o
                0x4200e91c                lexan
 .text          0x4200ebd0      0x6ac binaries/shell.o
                0x4200ebd0                shell
 .text          0x4200f27c       0x64 binaries/xsh_argecho.o
                0x4200f27c                xsh_argecho
 .text          0x4200f2e0      0x1f8 binaries/xsh_arp.o
                0x4200f2e0                xsh_arp
 .text          0x4200f4d8      0x23c binaries/xsh_cat.o
                0x4200f4d8                xsh_cat
 .text          0x4200f714       0x5c binaries/xsh_clear.o
                0x4200f714                xsh_clear
 .text          0x4200f770      0x29c binaries/xsh_date.o
                0x4200f770                xsh_date
 .text          0x4200fa0c       0x98 binaries/xsh_devdump.o
                0x4200fa0c                xsh_devdump
 .text          0x4200faa4       0x68 binaries/xsh_echo.o
                0x4200faa4                xsh_echo
 .text          0x4200fb0c        0x8 binaries/xsh_exit.o
                0x4200fb0c                xsh_exit
 .text          0x4200fb14      0x3bc binaries/xsh_help.o
                0x4200fb14                xsh_help
 .text          0x4200fed0      0x1f8 binaries/xsh_kill.o
                0x4200fed0                xsh_kill
 .text          0x420100c8      0x490 binaries/xsh_memdump.o
                0x420101c4                xsh_memdump
 .text          0x42010558      0x224 binaries/xsh_memstat.o
                0x42010558                xsh_memstat
 .text          0x4201077c      0x3fc binaries/xsh_netinfo.o
                0x4201077c                xsh_netinfo
 .text          0x42010b78      0x3b0 binaries/xsh_ping.o
                0x42010b78                xsh_ping
 .text          0x42010f28      0x220 binaries/xsh_ps.o
                0x42010f28                xsh_ps
 .text          0x42011148      0x1cc binaries/xsh_sleep.o
                0x42011148                xsh_sleep
 .text          0x42011314      0x244 binaries/xsh_udpdump.o
                0x42011314                xsh_udpdump
 .text          0x42011558      0x400 binaries/xsh_udpecho.o
                0x42011558                xsh_udpecho
 .text          0x42011958      0x254 binaries/xsh_udpserver.o
                0x42011958                xsh_udpeserver
 .text          0x42011bac      0x1ac binaries/xsh_uptime.o
                0x42011bac                xsh_uptime
 .text          0x42011d58       0x2c binaries/ctxsw.o
                0x42011d58                ctxsw
 .text          0x42011d84      0x100 binaries/intr.o
                0x42011d84                disable
                0x42011d90                restore
                0x42011db4                enable
                0x42011dbc                pause
                0x42011dbc                halt
                0x42011dc4                irq_except
                0x42011df4                initevec
                0x42011e54                expjmpinstr
 .text          0x42011e84      0x49c ../cross_compiler/lib/gcc/arm-none-eabi/4.8.1//libgcc.a(_arm_muldivdf3.o)
                0x42011e84                __aeabi_dmul
                0x42011e84                __muldf3
                0x42012114                __aeabi_ddiv
                0x42012114                __divdf3
 .text          0x42012320      0x144 ../cross_compiler/lib/gcc/arm-none-eabi/4.8.1//libgcc.a(_arm_cmpdf2.o)
                0x42012320                __gtdf2
                0x42012320                __gedf2
                0x42012328                __ltdf2
                0x42012328                __ledf2
                0x42012330                __cmpdf2
                0x42012330                __eqdf2
                0x42012330                __nedf2
                0x420123b8                __aeabi_cdrcmple
                0x420123d4                __aeabi_cdcmple
                0x420123d4                __aeabi_cdcmpeq
                0x420123ec                __aeabi_dcmpeq
                0x42012404                __aeabi_dcmplt
                0x4201241c                __aeabi_dcmple
                0x42012434                __aeabi_dcmpge
                0x4201244c                __aeabi_dcmpgt
 .text          0x42012464       0x5c ../cross_compiler/lib/gcc/arm-none-eabi/4.8.1//libgcc.a(_arm_fixdfsi.o)
                0x42012464                __fixdfsi
                0x42012464                __aeabi_d2iz
 *(.rodata .rodata.*)
 .rodata.str1.4
                0x420124c0       0x78 binaries/ascdate.o
 .rodata.str1.4
                0x42012538       0xf9 binaries/conf.o
                                 0xfc (size before relaxing)
 *fill*         0x42012631        0x3 
 .rodata.str1.4
                0x42012634       0x61 binaries/getutime.o
                                 0x64 (size before relaxing)
 *fill*         0x42012695        0x3 
 .rodata.str1.4
                0x42012698      0x220 binaries/initialize.o
                                0x224 (size before relaxing)
 .rodata.str1.4
                0x420128b8       0x2a binaries/main.o
                                 0x2c (size before relaxing)
 *fill*         0x420128e2        0x2 
 .rodata.str1.4
                0x420128e4        0xf binaries/panic.o
                                 0x10 (size before relaxing)
 *fill*         0x420128f3        0x1 
 .rodata.str1.4
                0x420128f4        0xf binaries/platinit.o
                                 0x10 (size before relaxing)
 *fill*         0x42012903        0x1 
 .rodata.str1.4
                0x42012904       0x1d binaries/ptinit.o
                                 0x20 (size before relaxing)
 *fill*         0x42012921        0x3 
 .rodata.str1.4
                0x42012924       0x25 binaries/ptsend.o
                                 0x28 (size before relaxing)
 *fill*         0x42012949        0x3 
 .rodata.str1.4
                0x4201294c       0x27 binaries/xdone.o
                                 0x28 (size before relaxing)
 *fill*         0x42012973        0x1 
 .rodata        0x42012974       0x84 binaries/ctype_.o
                0x42012974                _ctype_
 .rodata.str1.4
                0x420129f8       0x2f binaries/doprnt.o
                                 0x30 (size before relaxing)
 .rodata.str1.4
                0x00000000       0x30 binaries/fdoprnt.o
 *fill*         0x42012a27        0x1 
 .rodata.str1.4
                0x42012a28       0x86 binaries/naminit.o
                                 0x90 (size before relaxing)
 *fill*         0x42012aae        0x2 
 .rodata.str1.4
                0x42012ab0       0xe5 binaries/ethinit.o
                                 0xe8 (size before relaxing)
 *fill*         0x42012b95        0x3 
 .rodata.str1.4
                0x42012b98       0x12 binaries/ethread.o
                                 0x14 (size before relaxing)
 *fill*         0x42012baa        0x2 
 .rodata.str1.4
                0x42012bac       0x2c binaries/rdsbufalloc.o
 .rodata.str1.4
                0x42012bd8       0x76 binaries/rdscomm.o
                                 0x78 (size before relaxing)
 *fill*         0x42012c4e        0x2 
 .rodata.str1.4
                0x42012c50       0x48 binaries/rdscontrol.o
 .rodata.str1.4
                0x42012c98       0x96 binaries/rdsinit.o
                                 0x98 (size before relaxing)
 *fill*         0x42012d2e        0x2 
 .rodata.str1.4
                0x42012d30       0x22 binaries/rdsopen.o
                                 0x24 (size before relaxing)
 *fill*         0x42012d52        0x2 
 .rodata.str1.4
                0x42012d54       0x4d binaries/rdsprocess.o
                                 0x50 (size before relaxing)
 *fill*         0x42012da1        0x3 
 .rodata.str1.4
                0x42012da4        0x9 binaries/raminit.o
                                  0xc (size before relaxing)
 *fill*         0x42012dad        0x3 
 .rodata.str1.4
                0x42012db0       0x37 binaries/lfdballoc.o
                                 0x38 (size before relaxing)
 *fill*         0x42012de7        0x1 
 .rodata.str1.4
                0x42012de8       0x14 binaries/lfiballoc.o
 .rodata.str1.4
                0x42012dfc       0x23 binaries/lflcontrol.o
                                 0x24 (size before relaxing)
 *fill*         0x42012e1f        0x1 
 .rodata.str1.4
                0x42012e20      0x11f binaries/lfsckfmt.o
                                0x120 (size before relaxing)
 *fill*         0x42012f3f        0x1 
 .rodata.str1.4
                0x42012f40       0x2a binaries/lfsopen.o
                                 0x2c (size before relaxing)
 *fill*         0x42012f6a        0x2 
 .rodata.str1.4
                0x42012f6c       0x21 binaries/rflread.o
                                 0x24 (size before relaxing)
 .rodata.str1.4
                0x00000000       0x24 binaries/rflwrite.o
 *fill*         0x42012f8d        0x3 
 .rodata.str1.4
                0x42012f90       0x75 binaries/rfscomm.o
                                 0x78 (size before relaxing)
 *fill*         0x42013005        0x3 
 .rodata.str1.4
                0x42013008       0x23 binaries/rfscontrol.o
                                 0x24 (size before relaxing)
 *fill*         0x4201302b        0x1 
 .rodata.str1.4
                0x4201302c       0x63 binaries/rfsinit.o
                                 0x64 (size before relaxing)
 *fill*         0x4201308f        0x1 
 .rodata.str1.4
                0x42013090       0x2a binaries/rfsndmsg.o
                                 0x2c (size before relaxing)
 .rodata.str1.4
                0x00000000       0x24 binaries/rfsopen.o
 *fill*         0x420130ba        0x2 
 .rodata.str1.4
                0x420130bc       0x3d binaries/arp.o
                                 0x40 (size before relaxing)
 *fill*         0x420130f9        0x3 
 .rodata.str1.4
                0x420130fc       0xd3 binaries/dhcp.o
                                 0xd4 (size before relaxing)
 *fill*         0x420131cf        0x1 
 .rodata.str1.4
                0x420131d0       0x1a binaries/dns.o
                                 0x1c (size before relaxing)
 *fill*         0x420131ea        0x2 
 .rodata.str1.4
                0x420131ec       0xca binaries/hexdump.o
                                 0xd8 (size before relaxing)
 *fill*         0x420132b6        0x2 
 .rodata.str1.4
                0x420132b8       0x29 binaries/icmp.o
                                 0x2c (size before relaxing)
 *fill*         0x420132e1        0x3 
 .rodata.str1.4
                0x420132e4       0x6e binaries/ip.o
                                 0x70 (size before relaxing)
 *fill*         0x42013352        0x2 
 .rodata.str1.4
                0x42013354       0x53 binaries/net.o
                                 0x54 (size before relaxing)
 *fill*         0x420133a7        0x1 
 .rodata.str1.4
                0x420133a8      0x292 binaries/pdump.o
                                0x298 (size before relaxing)
 *fill*         0x4201363a        0x2 
 .rodata.str1.4
                0x4201363c      0x154 binaries/tftp.o
                                0x158 (size before relaxing)
 .rodata        0x42013790       0xfc binaries/shell.o
                0x42013790                cmdtab
 .rodata.str1.4
                0x4201388c      0x2e6 binaries/shell.o
                                0x2f0 (size before relaxing)
 *fill*         0x42013b72        0x2 
 .rodata.str1.4
                0x42013b74       0x29 binaries/xsh_argecho.o
                                 0x30 (size before relaxing)
 *fill*         0x42013b9d        0x3 
 .rodata.str1.4
                0x42013ba0      0x13e binaries/xsh_arp.o
                                0x144 (size before relaxing)
 *fill*         0x42013cde        0x2 
 .rodata.str1.4
                0x42013ce0       0x81 binaries/xsh_cat.o
                                 0xd4 (size before relaxing)
 *fill*         0x42013d61        0x3 
 .rodata.str1.4
                0x42013d64       0x19 binaries/xsh_clear.o
                                 0x1c (size before relaxing)
 *fill*         0x42013d7d        0x3 
 .rodata.str1.4
                0x42013d80      0x1af binaries/xsh_date.o
                                0x1cc (size before relaxing)
 *fill*         0x42013f2f        0x1 
 .rodata.str1.4
                0x42013f30       0x61 binaries/xsh_devdump.o
                                 0x64 (size before relaxing)
 *fill*         0x42013f91        0x3 
 .rodata.str1.4
                0x42013f94        0x8 binaries/xsh_echo.o
                                  0xc (size before relaxing)
 .rodata.str1.4
                0x42013f9c       0xe7 binaries/xsh_help.o
                                0x17c (size before relaxing)
 *fill*         0x42014083        0x1 
 .rodata.str1.4
                0x42014084       0xc8 binaries/xsh_kill.o
                                0x138 (size before relaxing)
 .rodata.str1.4
                0x4201414c      0x226 binaries/xsh_memdump.o
                                0x27c (size before relaxing)
 *fill*         0x42014372        0x2 
 .rodata.str1.4
                0x42014374      0x1cc binaries/xsh_memstat.o
                                0x234 (size before relaxing)
 .rodata.str1.4
                0x42014540      0x10f binaries/xsh_netinfo.o
                                0x1cc (size before relaxing)
 *fill*         0x4201464f        0x1 
 .rodata.str1.4
                0x42014650      0x13f binaries/xsh_ping.o
                                0x1b4 (size before relaxing)
 *fill*         0x4201478f        0x1 
 .rodata        0x42014790       0x20 binaries/xsh_ps.o
 .rodata.str1.4
                0x420147b0      0x11a binaries/xsh_ps.o
                                0x1d4 (size before relaxing)
 *fill*         0x420148ca        0x2 
 .rodata.str1.4
                0x420148cc       0x5e binaries/xsh_sleep.o
                                 0xf8 (size before relaxing)
 *fill*         0x4201492a        0x2 
 .rodata        0x4201492c        0xc binaries/xsh_udpdump.o
 .rodata.str1.4
                0x42014938      0x122 binaries/xsh_udpdump.o
                                0x1e0 (size before relaxing)
 *fill*         0x42014a5a        0x2 
 .rodata.str1.4
                0x42014a5c      0x1ae binaries/xsh_udpecho.o
                                0x224 (size before relaxing)
 *fill*         0x42014c0a        0x2 
 .rodata.str1.4
                0x42014c0c       0x97 binaries/xsh_udpserver.o
                                0x13c (size before relaxing)
 *fill*         0x42014ca3        0x1 
 .rodata.str1.4
                0x42014ca4       0x78 binaries/xsh_uptime.o
                                0x114 (size before relaxing)
                0x42014d1c                etext = ABSOLUTE (.)
                0x42015000                . = ALIGN (0x1000)
 *fill*         0x42014d1c      0x2e4 

.glue_7         0x42015000        0x0
 .glue_7        0x00000000        0x0 linker stubs

.glue_7t        0x42015000        0x0
 .glue_7t       0x00000000        0x0 linker stubs

.vfp11_veneer   0x42015000        0x0
 .vfp11_veneer  0x00000000        0x0 linker stubs

.v4_bx          0x42015000        0x0
 .v4_bx         0x00000000        0x0 linker stubs

.iplt           0x42015000        0x0
 .iplt          0x00000000        0x0 binaries/start.o

.rel.dyn        0x42015000        0x0
 .rel.iplt      0x00000000        0x0 binaries/start.o

.data           0x42015000     0x1000
                0x42015000                data = ABSOLUTE (.)
 *(.data .data.*)
 .data          0x42015000        0x0 binaries/start.o
 .data          0x42015000       0x88 binaries/ascdate.o
                0x42015000                Date
 .data          0x42015088        0x0 binaries/bufinit.o
 .data          0x42015088        0x0 binaries/chprio.o
 .data          0x42015088        0x4 binaries/clkhandler.o
 .data          0x4201508c        0x0 binaries/clkinit.o
 .data          0x4201508c        0x0 binaries/close.o
 .data          0x4201508c      0x708 binaries/conf.o
                0x4201508c                devtab
 .data          0x42015794        0x0 binaries/control.o
 .data          0x42015794        0x4 binaries/create.o
 .data          0x42015798       0x40 binaries/evec.o
                0x42015798                expmsg2
                0x420157ac                expmsg1
 .data          0x420157d8        0x0 binaries/exit.o
 .data          0x420157d8        0x0 binaries/freebuf.o
 .data          0x420157d8        0x0 binaries/freemem.o
 .data          0x420157d8        0x0 binaries/getbuf.o
 .data          0x420157d8        0x0 binaries/getc.o
 .data          0x420157d8        0x0 binaries/getdev.o
 .data          0x420157d8        0x0 binaries/getitem.o
 .data          0x420157d8        0x0 binaries/getmem.o
 .data          0x420157d8        0x0 binaries/getpid.o
 .data          0x420157d8        0x0 binaries/getprio.o
 .data          0x420157d8        0x0 binaries/getstk.o
 .data          0x420157d8        0x0 binaries/getticks.o
 .data          0x420157d8        0x0 binaries/gettime.o
 .data          0x420157d8        0x0 binaries/getutime.o
 .data          0x420157d8        0x0 binaries/init.o
 .data          0x420157d8        0x0 binaries/initialize.o
 .data          0x420157d8        0x0 binaries/insert.o
 .data          0x420157d8        0x0 binaries/insertd.o
 .data          0x420157d8        0x0 binaries/ioerr.o
 .data          0x420157d8        0x0 binaries/ionull.o
 .data          0x420157d8        0x0 binaries/kill.o
 .data          0x420157d8        0x0 binaries/kprintf.o
 .data          0x420157d8        0x0 binaries/main.o
 .data          0x420157d8        0x0 binaries/mark.o
 .data          0x420157d8        0x0 binaries/meminit.o
 .data          0x420157d8        0x0 binaries/mkbufpool.o
 .data          0x420157d8        0x2 binaries/newqueue.o
 .data          0x420157da        0x0 binaries/open.o
 .data          0x420157da        0x0 binaries/panic.o
 .data          0x420157da        0x0 binaries/platinit.o
 .data          0x420157da        0x0 binaries/ptclear.o
 .data          0x420157da        0x0 binaries/ptcount.o
 .data          0x420157da        0x0 binaries/ptcreate.o
 .data          0x420157da        0x0 binaries/ptdelete.o
 .data          0x420157da        0x0 binaries/ptinit.o
 .data          0x420157da        0x0 binaries/ptrecv.o
 .data          0x420157da        0x0 binaries/ptreset.o
 .data          0x420157da        0x0 binaries/ptsend.o
 .data          0x420157da        0x0 binaries/putc.o
 .data          0x420157da        0x0 binaries/queue.o
 .data          0x420157da        0x0 binaries/read.o
 .data          0x420157da        0x0 binaries/ready.o
 .data          0x420157da        0x0 binaries/receive.o
 .data          0x420157da        0x0 binaries/recvclr.o
 .data          0x420157da        0x0 binaries/recvtime.o
 .data          0x420157da        0x0 binaries/resched.o
 .data          0x420157da        0x0 binaries/resume.o
 .data          0x420157da        0x0 binaries/seek.o
 .data          0x420157da        0x0 binaries/semcount.o
 .data          0x420157da        0x0 binaries/semcreate.o
 .data          0x420157da        0x0 binaries/semdelete.o
 .data          0x420157da        0x0 binaries/semreset.o
 .data          0x420157da        0x0 binaries/send.o
 .data          0x420157da        0x0 binaries/signal.o
 .data          0x420157da        0x0 binaries/signaln.o
 .data          0x420157da        0x0 binaries/sleep.o
 .data          0x420157da        0x0 binaries/suspend.o
 .data          0x420157da        0x0 binaries/unsleep.o
 .data          0x420157da        0x0 binaries/userret.o
 .data          0x420157da        0x0 binaries/wait.o
 .data          0x420157da        0x0 binaries/wakeup.o
 .data          0x420157da        0x0 binaries/write.o
 .data          0x420157da        0x0 binaries/xdone.o
 .data          0x420157da        0x0 binaries/yield.o
 .data          0x420157da        0x0 binaries/abs.o
 .data          0x420157da        0x0 binaries/atoi.o
 .data          0x420157da        0x0 binaries/atol.o
 .data          0x420157da        0x0 binaries/bzero.o
 .data          0x420157da        0x0 binaries/ctype_.o
 .data          0x420157da        0x0 binaries/doprnt.o
 *fill*         0x420157da        0x2 
 .data          0x420157dc       0x80 binaries/doscan.o
                0x420157dc                _sctab
 .data          0x4201585c        0x0 binaries/fdoprnt.o
 .data          0x4201585c        0x0 binaries/fgetc.o
 .data          0x4201585c        0x0 binaries/fgets.o
 .data          0x4201585c        0x0 binaries/fprintf.o
 .data          0x4201585c        0x0 binaries/fputc.o
 .data          0x4201585c        0x0 binaries/fputs.o
 .data          0x4201585c        0x0 binaries/fscanf.o
 .data          0x4201585c        0x0 binaries/getchar.o
 .data          0x4201585c        0x0 binaries/labs.o
 .data          0x4201585c        0x0 binaries/memchr.o
 .data          0x4201585c        0x0 binaries/memcmp.o
 .data          0x4201585c        0x0 binaries/memcpy.o
 .data          0x4201585c        0x0 binaries/memset.o
 .data          0x4201585c        0x0 binaries/printf.o
 .data          0x4201585c        0x0 binaries/putchar.o
 .data          0x4201585c        0x0 binaries/qsort.o
 .data          0x4201585c        0x4 binaries/rand.o
 .data          0x42015860        0x0 binaries/sprintf.o
 .data          0x42015860        0x0 binaries/sscanf.o
 .data          0x42015860        0x0 binaries/strchr.o
 .data          0x42015860        0x0 binaries/strcmp.o
 .data          0x42015860        0x0 binaries/strcpy.o
 .data          0x42015860        0x0 binaries/strlen.o
 .data          0x42015860        0x0 binaries/strncat.o
 .data          0x42015860        0x0 binaries/strncmp.o
 .data          0x42015860        0x0 binaries/strncpy.o
 .data          0x42015860        0x0 binaries/strnlen.o
 .data          0x42015860        0x0 binaries/strrchr.o
 .data          0x42015860        0x0 binaries/strstr.o
 .data          0x42015860        0x0 binaries/ttycontrol.o
 .data          0x42015860        0x0 binaries/ttygetc.o
 .data          0x42015860        0x0 binaries/ttyhandle_in.o
 .data          0x42015860        0x0 binaries/ttyhandle_out.o
 .data          0x42015860        0x0 binaries/ttyhandler.o
 .data          0x42015860        0x0 binaries/ttyinit.o
 .data          0x42015860        0x0 binaries/ttykickout.o
 .data          0x42015860        0x0 binaries/ttyputc.o
 .data          0x42015860        0x0 binaries/ttyread.o
 .data          0x42015860        0x0 binaries/ttywrite.o
 .data          0x42015860        0x0 binaries/mount.o
 .data          0x42015860        0x0 binaries/naminit.o
 .data          0x42015860        0x0 binaries/nammap.o
 .data          0x42015860        0x0 binaries/namopen.o
 .data          0x42015860        0x0 binaries/ethcontrol.o
 .data          0x42015860        0x0 binaries/ethhandler.o
 .data          0x42015860        0x0 binaries/ethinit.o
 .data          0x42015860        0x0 binaries/ethread.o
 .data          0x42015860        0x0 binaries/ethwrite.o
 .data          0x42015860        0x0 binaries/rdsbufalloc.o
 .data          0x42015860        0x0 binaries/rdsclose.o
 .data          0x42015860        0x0 binaries/rdscomm.o
 .data          0x42015860        0x0 binaries/rdscontrol.o
 .data          0x42015860        0x0 binaries/rdsinit.o
 .data          0x42015860        0x0 binaries/rdsopen.o
 .data          0x42015860        0x0 binaries/rdsprocess.o
 .data          0x42015860        0x0 binaries/rdsread.o
 .data          0x42015860        0x0 binaries/rdswrite.o
 .data          0x42015860        0x0 binaries/ramclose.o
 .data          0x42015860        0x0 binaries/raminit.o
 .data          0x42015860        0x0 binaries/ramopen.o
 .data          0x42015860        0x0 binaries/ramread.o
 .data          0x42015860        0x0 binaries/ramwrite.o
 .data          0x42015860        0x0 binaries/lfdballoc.o
 .data          0x42015860        0x0 binaries/lfdbfree.o
 .data          0x42015860        0x0 binaries/lfflush.o
 .data          0x42015860        0x0 binaries/lfgetmode.o
 .data          0x42015860        0x0 binaries/lfiballoc.o
 .data          0x42015860        0x0 binaries/lfibclear.o
 .data          0x42015860        0x0 binaries/lfibget.o
 .data          0x42015860        0x0 binaries/lfibput.o
 .data          0x42015860        0x0 binaries/lflclose.o
 .data          0x42015860        0x0 binaries/lflcontrol.o
 .data          0x42015860        0x0 binaries/lflgetc.o
 .data          0x42015860        0x0 binaries/lflinit.o
 .data          0x42015860        0x0 binaries/lflputc.o
 .data          0x42015860        0x0 binaries/lflread.o
 .data          0x42015860        0x0 binaries/lflseek.o
 .data          0x42015860        0x0 binaries/lflwrite.o
 .data          0x42015860        0x0 binaries/lfscheck.o
 .data          0x42015860        0x0 binaries/lfsckfmt.o
 .data          0x42015860        0x0 binaries/lfscreate.o
 .data          0x42015860        0x0 binaries/lfsetup.o
 .data          0x42015860        0x0 binaries/lfsinit.o
 .data          0x42015860        0x0 binaries/lfsopen.o
 .data          0x42015860        0x0 binaries/lftruncate.o
 .data          0x42015860        0x0 binaries/rflclose.o
 .data          0x42015860        0x0 binaries/rflgetc.o
 .data          0x42015860        0x0 binaries/rflinit.o
 .data          0x42015860        0x0 binaries/rflputc.o
 .data          0x42015860        0x0 binaries/rflread.o
 .data          0x42015860        0x0 binaries/rflseek.o
 .data          0x42015860        0x0 binaries/rflwrite.o
 .data          0x42015860        0x0 binaries/rfscomm.o
 .data          0x42015860        0x0 binaries/rfscontrol.o
 .data          0x42015860        0x0 binaries/rfsgetmode.o
 .data          0x42015860        0x0 binaries/rfsinit.o
 .data          0x42015860        0x0 binaries/rfsndmsg.o
 .data          0x42015860        0x0 binaries/rfsopen.o
 .data          0x42015860        0x0 binaries/spicontrol.o
 .data          0x42015860        0x0 binaries/spiinit.o
 .data          0x42015860        0x0 binaries/gpiocontrol.o
 .data          0x42015860        0x0 binaries/gpiohandler.o
 .data          0x42015860        0x0 binaries/gpioinit.o
 .data          0x42015860        0x0 binaries/gpioread.o
 .data          0x42015860        0x0 binaries/gpioselect.o
 .data          0x42015860        0x0 binaries/gpiowrite.o
 .data          0x42015860        0x0 binaries/arp.o
 .data          0x42015860        0x0 binaries/dhcp.o
 .data          0x42015860        0x0 binaries/dns.o
 .data          0x42015860        0x0 binaries/dot2ip.o
 .data          0x42015860        0x0 binaries/hexdump.o
 .data          0x42015860        0x4 binaries/icmp.o
 .data          0x42015864        0x0 binaries/ip.o
 .data          0x42015864        0x0 binaries/net.o
 .data          0x42015864        0x0 binaries/pdump.o
 .data          0x42015864        0x0 binaries/tftp.o
 .data          0x42015864        0x4 binaries/udp.o
 .data          0x42015868        0x0 binaries/addargs.o
 .data          0x42015868        0x0 binaries/lexan.o
 .data          0x42015868        0x4 binaries/shell.o
                0x42015868                ncmd
 .data          0x4201586c        0x0 binaries/xsh_argecho.o
 .data          0x4201586c        0x0 binaries/xsh_arp.o
 .data          0x4201586c        0x0 binaries/xsh_cat.o
 .data          0x4201586c        0x0 binaries/xsh_clear.o
 .data          0x4201586c        0x0 binaries/xsh_date.o
 .data          0x4201586c        0x0 binaries/xsh_devdump.o
 .data          0x4201586c        0x0 binaries/xsh_echo.o
 .data          0x4201586c        0x0 binaries/xsh_exit.o
 .data          0x4201586c        0x0 binaries/xsh_help.o
 .data          0x4201586c        0x0 binaries/xsh_kill.o
 .data          0x4201586c        0x0 binaries/xsh_memdump.o
 .data          0x4201586c        0x0 binaries/xsh_memstat.o
 .data          0x4201586c        0x0 binaries/xsh_netinfo.o
 .data          0x4201586c        0x0 binaries/xsh_ping.o
 .data          0x4201586c        0x0 binaries/xsh_ps.o
 .data          0x4201586c        0x0 binaries/xsh_sleep.o
 .data          0x4201586c        0x0 binaries/xsh_udpdump.o
 .data          0x4201586c        0x0 binaries/xsh_udpecho.o
 .data          0x4201586c        0x0 binaries/xsh_udpserver.o
 .data          0x4201586c        0x0 binaries/xsh_uptime.o
 .data          0x4201586c        0x0 binaries/ctxsw.o
 .data          0x4201586c        0x0 binaries/intr.o
 .data          0x4201586c        0x0 ../cross_compiler/lib/gcc/arm-none-eabi/4.8.1//libgcc.a(_arm_muldivdf3.o)
 .data          0x4201586c        0x0 ../cross_compiler/lib/gcc/arm-none-eabi/4.8.1//libgcc.a(_arm_cmpdf2.o)
 .data          0x4201586c        0x0 ../cross_compiler/lib/gcc/arm-none-eabi/4.8.1//libgcc.a(_arm_fixdfsi.o)
                0x4201586c                edata = ABSOLUTE (.)
                0x42016000                . = ALIGN (0x1000)
 *fill*         0x4201586c      0x794 

.igot.plt       0x42016000        0x0
 .igot.plt      0x00000000        0x0 binaries/start.o

.bss            0x42016000    0x20000
                0x42016000                bss = ABSOLUTE (.)
 *(.bss .bss.*)
 .bss           0x42016000        0x0 binaries/start.o
 .bss           0x42016000        0x0 binaries/ascdate.o
 .bss           0x42016000        0x0 binaries/bufinit.o
 .bss           0x42016000        0x0 binaries/chprio.o
 .bss           0x42016000        0x0 binaries/clkhandler.o
 .bss           0x42016000        0x4 binaries/clkinit.o
                0x42016000                ctr1000
 .bss           0x42016004        0x0 binaries/close.o
 .bss           0x42016004        0x0 binaries/conf.o
 .bss           0x42016004        0x0 binaries/control.o
 .bss           0x42016004        0x0 binaries/create.o
 .bss           0x42016004        0x0 binaries/evec.o
 .bss           0x42016004        0x0 binaries/exit.o
 .bss           0x42016004        0x0 binaries/freebuf.o
 .bss           0x42016004        0x0 binaries/freemem.o
 .bss           0x42016004        0x0 binaries/getbuf.o
 .bss           0x42016004        0x0 binaries/getc.o
 .bss           0x42016004        0x0 binaries/getdev.o
 .bss           0x42016004        0x0 binaries/getitem.o
 .bss           0x42016004        0x0 binaries/getmem.o
 .bss           0x42016004        0x0 binaries/getpid.o
 .bss           0x42016004        0x0 binaries/getprio.o
 .bss           0x42016004        0x0 binaries/getstk.o
 .bss           0x42016004        0x0 binaries/getticks.o
 .bss           0x42016004        0x0 binaries/gettime.o
 .bss           0x42016004        0x0 binaries/getutime.o
 .bss           0x42016004        0x0 binaries/init.o
 .bss           0x42016004        0x0 binaries/initialize.o
 .bss           0x42016004        0x0 binaries/insert.o
 .bss           0x42016004        0x0 binaries/insertd.o
 .bss           0x42016004        0x0 binaries/ioerr.o
 .bss           0x42016004        0x0 binaries/ionull.o
 .bss           0x42016004        0x0 binaries/kill.o
 .bss           0x42016004        0x0 binaries/kprintf.o
 .bss           0x42016004        0x0 binaries/main.o
 .bss           0x42016004        0x0 binaries/mark.o
 .bss           0x42016004        0x0 binaries/meminit.o
 .bss           0x42016004        0x0 binaries/mkbufpool.o
 .bss           0x42016004        0x0 binaries/newqueue.o
 .bss           0x42016004        0x0 binaries/open.o
 .bss           0x42016004        0x0 binaries/panic.o
 .bss           0x42016004        0x0 binaries/platinit.o
 .bss           0x42016004        0x0 binaries/ptclear.o
 .bss           0x42016004        0x0 binaries/ptcount.o
 .bss           0x42016004        0x0 binaries/ptcreate.o
 .bss           0x42016004        0x0 binaries/ptdelete.o
 .bss           0x42016004        0x0 binaries/ptinit.o
 .bss           0x42016004        0x0 binaries/ptrecv.o
 .bss           0x42016004        0x0 binaries/ptreset.o
 .bss           0x42016004        0x0 binaries/ptsend.o
 .bss           0x42016004        0x0 binaries/putc.o
 .bss           0x42016004        0x0 binaries/queue.o
 .bss           0x42016004        0x0 binaries/read.o
 .bss           0x42016004        0x0 binaries/ready.o
 .bss           0x42016004        0x0 binaries/receive.o
 .bss           0x42016004        0x0 binaries/recvclr.o
 .bss           0x42016004        0x0 binaries/recvtime.o
 .bss           0x42016004        0x0 binaries/resched.o
 .bss           0x42016004        0x0 binaries/resume.o
 .bss           0x42016004        0x0 binaries/seek.o
 .bss           0x42016004        0x0 binaries/semcount.o
 .bss           0x42016004        0x4 binaries/semcreate.o
 .bss           0x42016008        0x0 binaries/semdelete.o
 .bss           0x42016008        0x0 binaries/semreset.o
 .bss           0x42016008        0x0 binaries/send.o
 .bss           0x42016008        0x0 binaries/signal.o
 .bss           0x42016008        0x0 binaries/signaln.o
 .bss           0x42016008        0x0 binaries/sleep.o
 .bss           0x42016008        0x0 binaries/suspend.o
 .bss           0x42016008        0x0 binaries/unsleep.o
 .bss           0x42016008        0x0 binaries/userret.o
 .bss           0x42016008        0x0 binaries/wait.o
 .bss           0x42016008        0x0 binaries/wakeup.o
 .bss           0x42016008        0x0 binaries/write.o
 .bss           0x42016008        0x0 binaries/xdone.o
 .bss           0x42016008        0x0 binaries/yield.o
 .bss           0x42016008        0x0 binaries/abs.o
 .bss           0x42016008        0x0 binaries/atoi.o
 .bss           0x42016008        0x0 binaries/atol.o
 .bss           0x42016008        0x0 binaries/bzero.o
 .bss           0x42016008        0x0 binaries/ctype_.o
 .bss           0x42016008        0x0 binaries/doprnt.o
 .bss           0x42016008        0x0 binaries/doscan.o
 .bss           0x42016008        0x0 binaries/fdoprnt.o
 .bss           0x42016008        0x0 binaries/fgetc.o
 .bss           0x42016008        0x0 binaries/fgets.o
 .bss           0x42016008        0x0 binaries/fprintf.o
 .bss           0x42016008        0x0 binaries/fputc.o
 .bss           0x42016008        0x0 binaries/fputs.o
 .bss           0x42016008        0x0 binaries/fscanf.o
 .bss           0x42016008        0x0 binaries/getchar.o
 .bss           0x42016008        0x0 binaries/labs.o
 .bss           0x42016008        0x0 binaries/memchr.o
 .bss           0x42016008        0x0 binaries/memcmp.o
 .bss           0x42016008        0x0 binaries/memcpy.o
 .bss           0x42016008        0x0 binaries/memset.o
 .bss           0x42016008        0x0 binaries/printf.o
 .bss           0x42016008        0x0 binaries/putchar.o
 .bss           0x42016008        0x8 binaries/qsort.o
 .bss           0x42016010        0x0 binaries/rand.o
 .bss           0x42016010        0x0 binaries/sprintf.o
 .bss           0x42016010        0x0 binaries/sscanf.o
 .bss           0x42016010        0x0 binaries/strchr.o
 .bss           0x42016010        0x0 binaries/strcmp.o
 .bss           0x42016010        0x0 binaries/strcpy.o
 .bss           0x42016010        0x0 binaries/strlen.o
 .bss           0x42016010        0x0 binaries/strncat.o
 .bss           0x42016010        0x0 binaries/strncmp.o
 .bss           0x42016010        0x0 binaries/strncpy.o
 .bss           0x42016010        0x0 binaries/strnlen.o
 .bss           0x42016010        0x0 binaries/strrchr.o
 .bss           0x42016010        0x0 binaries/strstr.o
 .bss           0x42016010        0x0 binaries/ttycontrol.o
 .bss           0x42016010        0x0 binaries/ttygetc.o
 .bss           0x42016010        0x0 binaries/ttyhandle_in.o
 .bss           0x42016010        0x0 binaries/ttyhandle_out.o
 .bss           0x42016010        0x0 binaries/ttyhandler.o
 .bss           0x42016010        0x0 binaries/ttyinit.o
 .bss           0x42016010        0x0 binaries/ttykickout.o
 .bss           0x42016010        0x0 binaries/ttyputc.o
 .bss           0x42016010        0x0 binaries/ttyread.o
 .bss           0x42016010        0x0 binaries/ttywrite.o
 .bss           0x42016010        0x0 binaries/mount.o
 .bss           0x42016010        0x0 binaries/naminit.o
 .bss           0x42016010        0x0 binaries/nammap.o
 .bss           0x42016010        0x0 binaries/namopen.o
 .bss           0x42016010        0x0 binaries/ethcontrol.o
 .bss           0x42016010        0x0 binaries/ethhandler.o
 .bss           0x42016010        0x0 binaries/ethinit.o
 .bss           0x42016010        0x0 binaries/ethread.o
 .bss           0x42016010        0x0 binaries/ethwrite.o
 .bss           0x42016010        0x0 binaries/rdsbufalloc.o
 .bss           0x42016010        0x0 binaries/rdsclose.o
 .bss           0x42016010        0x0 binaries/rdscomm.o
 .bss           0x42016010        0x0 binaries/rdscontrol.o
 .bss           0x42016010        0x0 binaries/rdsinit.o
 .bss           0x42016010        0x0 binaries/rdsopen.o
 .bss           0x42016010        0x0 binaries/rdsprocess.o
 .bss           0x42016010        0x0 binaries/rdsread.o
 .bss           0x42016010        0x0 binaries/rdswrite.o
 .bss           0x42016010        0x0 binaries/ramclose.o
 .bss           0x42016010        0x0 binaries/raminit.o
 .bss           0x42016010        0x0 binaries/ramopen.o
 .bss           0x42016010        0x0 binaries/ramread.o
 .bss           0x42016010        0x0 binaries/ramwrite.o
 .bss           0x42016010        0x0 binaries/lfdballoc.o
 .bss           0x42016010        0x0 binaries/lfdbfree.o
 .bss           0x42016010        0x0 binaries/lfflush.o
 .bss           0x42016010        0x0 binaries/lfgetmode.o
 .bss           0x42016010        0x0 binaries/lfiballoc.o
 .bss           0x42016010        0x0 binaries/lfibclear.o
 .bss           0x42016010        0x0 binaries/lfibget.o
 .bss           0x42016010        0x0 binaries/lfibput.o
 .bss           0x42016010        0x0 binaries/lflclose.o
 .bss           0x42016010        0x0 binaries/lflcontrol.o
 .bss           0x42016010        0x0 binaries/lflgetc.o
 .bss           0x42016010        0x0 binaries/lflinit.o
 .bss           0x42016010        0x0 binaries/lflputc.o
 .bss           0x42016010        0x0 binaries/lflread.o
 .bss           0x42016010        0x0 binaries/lflseek.o
 .bss           0x42016010        0x0 binaries/lflwrite.o
 .bss           0x42016010        0x0 binaries/lfscheck.o
 .bss           0x42016010        0x0 binaries/lfsckfmt.o
 .bss           0x42016010        0x0 binaries/lfscreate.o
 .bss           0x42016010        0x0 binaries/lfsetup.o
 .bss           0x42016010        0x0 binaries/lfsinit.o
 .bss           0x42016010        0x0 binaries/lfsopen.o
 .bss           0x42016010        0x0 binaries/lftruncate.o
 .bss           0x42016010        0x0 binaries/rflclose.o
 .bss           0x42016010        0x0 binaries/rflgetc.o
 .bss           0x42016010        0x0 binaries/rflinit.o
 .bss           0x42016010        0x0 binaries/rflputc.o
 .bss           0x42016010        0x0 binaries/rflread.o
 .bss           0x42016010        0x0 binaries/rflseek.o
 .bss           0x42016010        0x0 binaries/rflwrite.o
 .bss           0x42016010        0x0 binaries/rfscomm.o
 .bss           0x42016010        0x0 binaries/rfscontrol.o
 .bss           0x42016010        0x0 binaries/rfsgetmode.o
 .bss           0x42016010        0x0 binaries/rfsinit.o
 .bss           0x42016010        0x0 binaries/rfsndmsg.o
 .bss           0x42016010        0x0 binaries/rfsopen.o
 .bss           0x42016010        0x0 binaries/spicontrol.o
 .bss           0x42016010        0x0 binaries/spiinit.o
 .bss           0x42016010        0x0 binaries/gpiocontrol.o
 .bss           0x42016010        0x0 binaries/gpiohandler.o
 .bss           0x42016010        0x0 binaries/gpioinit.o
 .bss           0x42016010        0x0 binaries/gpioread.o
 .bss           0x42016010        0x0 binaries/gpioselect.o
 .bss           0x42016010        0x0 binaries/gpiowrite.o
 .bss           0x42016010        0x0 binaries/arp.o
 .bss           0x42016010        0x0 binaries/dhcp.o
 .bss           0x42016010        0x0 binaries/dns.o
 .bss           0x42016010        0x0 binaries/dot2ip.o
 .bss           0x42016010        0x0 binaries/hexdump.o
 .bss           0x42016010        0x0 binaries/icmp.o
 .bss           0x42016010        0x0 binaries/ip.o
 .bss           0x42016010        0x0 binaries/net.o
 .bss           0x42016010        0x0 binaries/pdump.o
 .bss           0x42016010        0x0 binaries/tftp.o
 .bss           0x42016010        0x0 binaries/udp.o
 .bss           0x42016010        0x0 binaries/addargs.o
 .bss           0x42016010        0x0 binaries/lexan.o
 .bss           0x42016010        0x0 binaries/shell.o
 .bss           0x42016010        0x0 binaries/xsh_argecho.o
 .bss           0x42016010        0x0 binaries/xsh_arp.o
 .bss           0x42016010        0x0 binaries/xsh_cat.o
 .bss           0x42016010        0x0 binaries/xsh_clear.o
 .bss           0x42016010        0x0 binaries/xsh_date.o
 .bss           0x42016010        0x0 binaries/xsh_devdump.o
 .bss           0x42016010        0x0 binaries/xsh_echo.o
 .bss           0x42016010        0x0 binaries/xsh_exit.o
 .bss           0x42016010        0x0 binaries/xsh_help.o
 .bss           0x42016010        0x0 binaries/xsh_kill.o
 .bss           0x42016010        0x0 binaries/xsh_memdump.o
 .bss           0x42016010        0x0 binaries/xsh_memstat.o
 .bss           0x42016010        0x0 binaries/xsh_netinfo.o
 .bss           0x42016010        0x4 binaries/xsh_ping.o
 .bss           0x42016014        0x0 binaries/xsh_ps.o
 .bss           0x42016014        0x0 binaries/xsh_sleep.o
 .bss           0x42016014        0x0 binaries/xsh_udpdump.o
 .bss           0x42016014        0x0 binaries/xsh_udpecho.o
 .bss           0x42016014        0x0 binaries/xsh_udpserver.o
 .bss           0x42016014        0x0 binaries/xsh_uptime.o
 .bss           0x42016014        0x0 binaries/ctxsw.o
 .bss           0x42016014        0x0 binaries/intr.o
 .bss           0x42016014        0x0 ../cross_compiler/lib/gcc/arm-none-eabi/4.8.1//libgcc.a(_arm_muldivdf3.o)
 .bss           0x42016014        0x0 ../cross_compiler/lib/gcc/arm-none-eabi/4.8.1//libgcc.a(_arm_cmpdf2.o)
 .bss           0x42016014        0x0 ../cross_compiler/lib/gcc/arm-none-eabi/4.8.1//libgcc.a(_arm_fixdfsi.o)
 *(COMMON)
 COMMON         0x42016014       0xf4 binaries/bufinit.o
                0x42016014                buftab
                0x42016104                nbpools
 COMMON         0x42016108        0xc binaries/clkinit.o
                0x42016108                sleepq
                0x4201610c                preempt
                0x42016110                clktime
 COMMON         0x42016114      0x200 binaries/evec.o
                0x42016114                intc_vector
 COMMON         0x42016314     0x1aa0 binaries/initialize.o
                0x42016314                currpid
                0x42016318                proctab
                0x420178f8                prcount
                0x420178fc                semtab
                0x42017dac                memlist
 COMMON         0x42017db4       0x58 binaries/mark.o
                0x42017db4                marks
                0x42017e04                nmarks
                0x42017e08                mkmutex
 COMMON         0x42017e0c        0x8 binaries/meminit.o
                0x42017e0c                minheap
                0x42017e10                maxheap
 COMMON         0x42017e14      0x2d8 binaries/ptinit.o
                0x42017e14                porttab
                0x420180e4                ptnextid
                0x420180e8                ptfree
 COMMON         0x420180ec      0x980 binaries/queue.o
                0x420180ec                queuetab
 COMMON         0x42018a6c        0x2 binaries/ready.o
                0x42018a6c                readylist
 *fill*         0x42018a6e        0x2 
 COMMON         0x42018a70        0x8 binaries/resched.o
                0x42018a70                Defer
 COMMON         0x42018a78      0x110 binaries/ttyinit.o
                0x42018a78                ttytab
 COMMON         0x42018b88     0x19a4 binaries/naminit.o
                0x42018b88                nnames
                0x42018b8c                nametab
 COMMON         0x4201a52c      0x154 binaries/ethinit.o
                0x4201a52c                eth_a_regs
                0x4201a548                ethertab
 COMMON         0x4201a680       0x8c binaries/rdsinit.o
                0x4201a680                rdstab
 COMMON         0x4201a70c    0x19000 binaries/raminit.o
                0x4201a70c                Ram
 COMMON         0x4203370c      0xf00 binaries/lflinit.o
                0x4203370c                lfltab
 COMMON         0x4203460c      0x20c binaries/lfsinit.o
                0x4203460c                Lf_data
 COMMON         0x42034818      0x5a0 binaries/rflinit.o
                0x42034818                rfltab
 COMMON         0x42034db8       0x18 binaries/rfsinit.o
                0x42034db8                Rf_data
 COMMON         0x42034dd0       0x10 binaries/gpioinit.o
                0x42034dd0                gpiotab
 COMMON         0x42034de0      0x140 binaries/arp.o
                0x42034de0                arpcache
 COMMON         0x42034f20      0x230 binaries/icmp.o
                0x42034f20                icmptab
 COMMON         0x42035150       0x2c binaries/ip.o
                0x42035150                ipoqueue
 COMMON         0x4203517c       0xb8 binaries/net.o
                0x4203517c                netbufpool
                0x42035180                netportseed
                0x42035184                NetData
 COMMON         0x42035234      0x168 binaries/udp.o
                0x42035234                udptab
                0x4203539c                ebss = ABSOLUTE (.)
                0x42036000                . = ALIGN (0x1000)
 *fill*         0x4203539c      0xc64 
 */()
                0x42036000                end = ABSOLUTE (.)
                0x42036000                _end = ABSOLUTE (.)
                0x42036000                . = ALIGN (0x1000)
LOAD binaries/start.o
LOAD binaries/ascdate.o
LOAD binaries/bufinit.o
LOAD binaries/chprio.o
LOAD binaries/clkhandler.o
LOAD binaries/clkinit.o
LOAD binaries/close.o
LOAD binaries/conf.o
LOAD binaries/control.o
LOAD binaries/create.o
LOAD binaries/evec.o
LOAD binaries/exit.o
LOAD binaries/freebuf.o
LOAD binaries/freemem.o
LOAD binaries/getbuf.o
LOAD binaries/getc.o
LOAD binaries/getdev.o
LOAD binaries/getitem.o
LOAD binaries/getmem.o
LOAD binaries/getpid.o
LOAD binaries/getprio.o
LOAD binaries/getstk.o
LOAD binaries/getticks.o
LOAD binaries/gettime.o
LOAD binaries/getutime.o
LOAD binaries/init.o
LOAD binaries/initialize.o
LOAD binaries/insert.o
LOAD binaries/insertd.o
LOAD binaries/ioerr.o
LOAD binaries/ionull.o
LOAD binaries/kill.o
LOAD binaries/kprintf.o
LOAD binaries/main.o
LOAD binaries/mark.o
LOAD binaries/meminit.o
LOAD binaries/mkbufpool.o
LOAD binaries/newqueue.o
LOAD binaries/open.o
LOAD binaries/panic.o
LOAD binaries/platinit.o
LOAD binaries/ptclear.o
LOAD binaries/ptcount.o
LOAD binaries/ptcreate.o
LOAD binaries/ptdelete.o
LOAD binaries/ptinit.o
LOAD binaries/ptrecv.o
LOAD binaries/ptreset.o
LOAD binaries/ptsend.o
LOAD binaries/putc.o
LOAD binaries/queue.o
LOAD binaries/read.o
LOAD binaries/ready.o
LOAD binaries/receive.o
LOAD binaries/recvclr.o
LOAD binaries/recvtime.o
LOAD binaries/resched.o
LOAD binaries/resume.o
LOAD binaries/seek.o
LOAD binaries/semcount.o
LOAD binaries/semcreate.o
LOAD binaries/semdelete.o
LOAD binaries/semreset.o
LOAD binaries/send.o
LOAD binaries/signal.o
LOAD binaries/signaln.o
LOAD binaries/sleep.o
LOAD binaries/suspend.o
LOAD binaries/unsleep.o
LOAD binaries/userret.o
LOAD binaries/wait.o
LOAD binaries/wakeup.o
LOAD binaries/write.o
LOAD binaries/xdone.o
LOAD binaries/yield.o
LOAD binaries/abs.o
LOAD binaries/atoi.o
LOAD binaries/atol.o
LOAD binaries/bzero.o
LOAD binaries/ctype_.o
LOAD binaries/doprnt.o
LOAD binaries/doscan.o
LOAD binaries/fdoprnt.o
LOAD binaries/fgetc.o
LOAD binaries/fgets.o
LOAD binaries/fprintf.o
LOAD binaries/fputc.o
LOAD binaries/fputs.o
LOAD binaries/fscanf.o
LOAD binaries/getchar.o
LOAD binaries/labs.o
LOAD binaries/memchr.o
LOAD binaries/memcmp.o
LOAD binaries/memcpy.o
LOAD binaries/memset.o
LOAD binaries/printf.o
LOAD binaries/putchar.o
LOAD binaries/qsort.o
LOAD binaries/rand.o
LOAD binaries/sprintf.o
LOAD binaries/sscanf.o
LOAD binaries/strchr.o
LOAD binaries/strcmp.o
LOAD binaries/strcpy.o
LOAD binaries/strlen.o
LOAD binaries/strncat.o
LOAD binaries/strncmp.o
LOAD binaries/strncpy.o
LOAD binaries/strnlen.o
LOAD binaries/strrchr.o
LOAD binaries/strstr.o
LOAD binaries/ttycontrol.o
LOAD binaries/ttygetc.o
LOAD binaries/ttyhandle_in.o
LOAD binaries/ttyhandle_out.o
LOAD binaries/ttyhandler.o
LOAD binaries/ttyinit.o
LOAD binaries/ttykickout.o
LOAD binaries/ttyputc.o
LOAD binaries/ttyread.o
LOAD binaries/ttywrite.o
LOAD binaries/mount.o
LOAD binaries/naminit.o
LOAD binaries/nammap.o
LOAD binaries/namopen.o
LOAD binaries/ethcontrol.o
LOAD binaries/ethhandler.o
LOAD binaries/ethinit.o
LOAD binaries/ethread.o
LOAD binaries/ethwrite.o
LOAD binaries/rdsbufalloc.o
LOAD binaries/rdsclose.o
LOAD binaries/rdscomm.o
LOAD binaries/rdscontrol.o
LOAD binaries/rdsinit.o
LOAD binaries/rdsopen.o
LOAD binaries/rdsprocess.o
LOAD binaries/rdsread.o
LOAD binaries/rdswrite.o
LOAD binaries/ramclose.o
LOAD binaries/raminit.o
LOAD binaries/ramopen.o
LOAD binaries/ramread.o
LOAD binaries/ramwrite.o
LOAD binaries/lfdballoc.o
LOAD binaries/lfdbfree.o
LOAD binaries/lfflush.o
LOAD binaries/lfgetmode.o
LOAD binaries/lfiballoc.o
LOAD binaries/lfibclear.o
LOAD binaries/lfibget.o
LOAD binaries/lfibput.o
LOAD binaries/lflclose.o
LOAD binaries/lflcontrol.o
LOAD binaries/lflgetc.o
LOAD binaries/lflinit.o
LOAD binaries/lflputc.o
LOAD binaries/lflread.o
LOAD binaries/lflseek.o
LOAD binaries/lflwrite.o
LOAD binaries/lfscheck.o
LOAD binaries/lfsckfmt.o
LOAD binaries/lfscreate.o
LOAD binaries/lfsetup.o
LOAD binaries/lfsinit.o
LOAD binaries/lfsopen.o
LOAD binaries/lftruncate.o
LOAD binaries/rflclose.o
LOAD binaries/rflgetc.o
LOAD binaries/rflinit.o
LOAD binaries/rflputc.o
LOAD binaries/rflread.o
LOAD binaries/rflseek.o
LOAD binaries/rflwrite.o
LOAD binaries/rfscomm.o
LOAD binaries/rfscontrol.o
LOAD binaries/rfsgetmode.o
LOAD binaries/rfsinit.o
LOAD binaries/rfsndmsg.o
LOAD binaries/rfsopen.o
LOAD binaries/spicontrol.o
LOAD binaries/spiinit.o
LOAD binaries/gpiocontrol.o
LOAD binaries/gpiohandler.o
LOAD binaries/gpioinit.o
LOAD binaries/gpioread.o
LOAD binaries/gpioselect.o
LOAD binaries/gpiowrite.o
LOAD binaries/arp.o
LOAD binaries/dhcp.o
LOAD binaries/dns.o
LOAD binaries/dot2ip.o
LOAD binaries/hexdump.o
LOAD binaries/icmp.o
LOAD binaries/ip.o
LOAD binaries/net.o
LOAD binaries/pdump.o
LOAD binaries/tftp.o
LOAD binaries/udp.o
LOAD binaries/addargs.o
LOAD binaries/lexan.o
LOAD binaries/shell.o
LOAD binaries/xsh_argecho.o
LOAD binaries/xsh_arp.o
LOAD binaries/xsh_cat.o
LOAD binaries/xsh_clear.o
LOAD binaries/xsh_date.o
LOAD binaries/xsh_devdump.o
LOAD binaries/xsh_echo.o
LOAD binaries/xsh_exit.o
LOAD binaries/xsh_help.o
LOAD binaries/xsh_kill.o
LOAD binaries/xsh_memdump.o
LOAD binaries/xsh_memstat.o
LOAD binaries/xsh_netinfo.o
LOAD binaries/xsh_ping.o
LOAD binaries/xsh_ps.o
LOAD binaries/xsh_sleep.o
LOAD binaries/xsh_udpdump.o
LOAD binaries/xsh_udpecho.o
LOAD binaries/xsh_udpserver.o
LOAD binaries/xsh_uptime.o
LOAD binaries/ctxsw.o
LOAD binaries/intr.o
LOAD ../cross_compiler/lib/gcc/arm-none-eabi/4.8.1//libgcc.a
OUTPUT(../compile/xinu.elf elf32-littlearm)

.ARM.attributes
                0x00000000       0x35
 .ARM.attributes
                0x00000000       0x29 binaries/start.o
 .ARM.attributes
                0x00000029       0x39 binaries/ascdate.o
 .ARM.attributes
                0x00000062       0x39 binaries/bufinit.o
[...]
 .ARM.attributes
                0x00001d54       0x39 binaries/rdscomm.o
 .ARM.attributes
                0x00001d8d       0x39 binaries/rdscontrol.o
 .ARM.attributes
                0x00001dc6       0x39 binaries/rdsinit.o
 .ARM.attributes
                0x00001dff       0x39 binaries/rdsopen.o
 .ARM.attributes
                0x00001e38       0x39 binaries/rdsprocess.o
 .ARM.attributes
                0x00001e71       0x39 binaries/rdsread.o
 .ARM.attributes
                0x00001eaa       0x39 binaries/rdswrite.o
 .ARM.attributes
                0x00001ee3       0x39 binaries/ramclose.o
 .ARM.attributes
                0x00001f1c       0x39 binaries/raminit.o
 .ARM.attributes
                0x00001f55       0x39 binaries/ramopen.o
 .ARM.attributes
                0x00001f8e       0x39 binaries/ramread.o
 .ARM.attributes
                0x00001fc7       0x39 binaries/ramwrite.o
 .ARM.attributes
                0x00002000       0x39 binaries/lfdballoc.o
 .ARM.attributes
                0x00002039       0x39 binaries/lfdbfree.o
 .ARM.attributes
                0x00002072       0x39 binaries/lfflush.o
 .ARM.attributes
                0x000020ab       0x39 binaries/lfgetmode.o
 .ARM.attributes
                0x000020e4       0x39 binaries/lfiballoc.o
 .ARM.attributes
                0x0000211d       0x39 binaries/lfibclear.o
 .ARM.attributes
                0x00002156       0x39 binaries/lfibget.o
 .ARM.attributes
                0x0000218f       0x39 binaries/lfibput.o
 .ARM.attributes
                0x000021c8       0x39 binaries/lflclose.o
 .ARM.attributes
                0x00002201       0x39 binaries/lflcontrol.o
 .ARM.attributes
                0x0000223a       0x39 binaries/lflgetc.o
 .ARM.attributes
                0x00002273       0x39 binaries/lflinit.o
 .ARM.attributes
                0x000022ac       0x39 binaries/lflputc.o
 .ARM.attributes
                0x000022e5       0x39 binaries/lflread.o
 .ARM.attributes
                0x0000231e       0x39 binaries/lflseek.o
 .ARM.attributes
                0x00002357       0x39 binaries/lflwrite.o
 .ARM.attributes
                0x00002390       0x39 binaries/lfscheck.o
 .ARM.attributes
                0x000023c9       0x39 binaries/lfsckfmt.o
 .ARM.attributes
                0x00002402       0x39 binaries/lfscreate.o
 .ARM.attributes
                0x0000243b       0x39 binaries/lfsetup.o
 .ARM.attributes
                0x00002474       0x39 binaries/lfsinit.o
 .ARM.attributes
                0x000024ad       0x39 binaries/lfsopen.o
 .ARM.attributes
                0x000024e6       0x39 binaries/lftruncate.o
 .ARM.attributes
                0x0000251f       0x39 binaries/rflclose.o
 .ARM.attributes
                0x00002558       0x39 binaries/rflgetc.o
 .ARM.attributes
                0x00002591       0x39 binaries/rflinit.o
 .ARM.attributes
                0x000025ca       0x39 binaries/rflputc.o
 .ARM.attributes
                0x00002603       0x39 binaries/rflread.o
 .ARM.attributes
                0x0000263c       0x39 binaries/rflseek.o
 .ARM.attributes
                0x00002675       0x39 binaries/rflwrite.o
 .ARM.attributes
                0x000026ae       0x39 binaries/rfscomm.o
 .ARM.attributes
                0x000026e7       0x39 binaries/rfscontrol.o
 .ARM.attributes
                0x00002720       0x39 binaries/rfsgetmode.o
 .ARM.attributes
                0x00002759       0x39 binaries/rfsinit.o
 .ARM.attributes
                0x00002792       0x39 binaries/rfsndmsg.o
 .ARM.attributes
                0x000027cb       0x39 binaries/rfsopen.o
 .ARM.attributes
                0x00002804       0x39 binaries/spicontrol.o
 .ARM.attributes
                0x0000283d       0x39 binaries/spiinit.o
 .ARM.attributes
                0x00002876       0x39 binaries/gpiocontrol.o
 .ARM.attributes
                0x000028af       0x39 binaries/gpiohandler.o
 .ARM.attributes
                0x000028e8       0x39 binaries/gpioinit.o
 .ARM.attributes
                0x00002921       0x39 binaries/gpioread.o
 .ARM.attributes
                0x0000295a       0x39 binaries/gpioselect.o
 .ARM.attributes
                0x00002993       0x39 binaries/gpiowrite.o
 .ARM.attributes
                0x000029cc       0x39 binaries/arp.o
 .ARM.attributes
                0x00002a05       0x39 binaries/dhcp.o
 .ARM.attributes
                0x00002a3e       0x39 binaries/dns.o
 .ARM.attributes
                0x00002a77       0x39 binaries/dot2ip.o
 .ARM.attributes
                0x00002ab0       0x39 binaries/hexdump.o
 .ARM.attributes
                0x00002ae9       0x39 binaries/icmp.o
 .ARM.attributes
                0x00002b22       0x39 binaries/ip.o
 .ARM.attributes
                0x00002b5b       0x39 binaries/net.o
 .ARM.attributes
                0x00002b94       0x39 binaries/pdump.o
 .ARM.attributes
                0x00002bcd       0x39 binaries/tftp.o
 .ARM.attributes
                0x00002c06       0x39 binaries/udp.o
 .ARM.attributes
                0x00002c3f       0x39 binaries/addargs.o
 .ARM.attributes
                0x00002c78       0x39 binaries/lexan.o
 .ARM.attributes
                0x00002cb1       0x39 binaries/shell.o
 .ARM.attributes
                0x00002cea       0x39 binaries/xsh_argecho.o
 .ARM.attributes
                0x00002d23       0x39 binaries/xsh_arp.o
 .ARM.attributes
                0x00002d5c       0x39 binaries/xsh_cat.o
 .ARM.attributes
                0x00002d95       0x39 binaries/xsh_clear.o
 .ARM.attributes
                0x00002dce       0x39 binaries/xsh_date.o
 .ARM.attributes
                0x00002e07       0x39 binaries/xsh_devdump.o
 .ARM.attributes
                0x00002e40       0x39 binaries/xsh_echo.o
 .ARM.attributes
                0x00002e79       0x39 binaries/xsh_exit.o
 .ARM.attributes
                0x00002eb2       0x39 binaries/xsh_help.o
 .ARM.attributes
                0x00002eeb       0x39 binaries/xsh_kill.o
 .ARM.attributes
                0x00002f24       0x39 binaries/xsh_memdump.o
 .ARM.attributes
                0x00002f5d       0x39 binaries/xsh_memstat.o
 .ARM.attributes
                0x00002f96       0x39 binaries/xsh_netinfo.o
 .ARM.attributes
                0x00002fcf       0x39 binaries/xsh_ping.o
 .ARM.attributes
                0x00003008       0x39 binaries/xsh_ps.o
 .ARM.attributes
                0x00003041       0x39 binaries/xsh_sleep.o
 .ARM.attributes
                0x0000307a       0x39 binaries/xsh_udpdump.o
 .ARM.attributes
                0x000030b3       0x39 binaries/xsh_udpecho.o
 .ARM.attributes
                0x000030ec       0x39 binaries/xsh_udpserver.o
 .ARM.attributes
                0x00003125       0x39 binaries/xsh_uptime.o
 .ARM.attributes
                0x0000315e       0x29 binaries/ctxsw.o
 .ARM.attributes
                0x00003187       0x29 binaries/intr.o
 .ARM.attributes
                0x000031b0       0x18 ../cross_compiler/lib/gcc/arm-none-eabi/4.8.1//libgcc.a(_arm_muldivdf3.o)
 .ARM.attributes
                0x000031c8       0x18 ../cross_compiler/lib/gcc/arm-none-eabi/4.8.1//libgcc.a(_arm_cmpdf2.o)
 .ARM.attributes
                0x000031e0       0x18 ../cross_compiler/lib/gcc/arm-none-eabi/4.8.1//libgcc.a(_arm_fixdfsi.o)

.comment        0x00000000       0x30
 .comment       0x00000000       0x30 binaries/ascdate.o
                                 0x31 (size before relaxing)
 .comment       0x00000000       0x31 binaries/bufinit.o
 .comment       0x00000000       0x31 binaries/chprio.o
 .comment       0x00000000       0x31 binaries/clkhandler.o
 .comment       0x00000000       0x31 binaries/clkinit.o
 .comment       0x00000000       0x31 binaries/close.o
 .comment       0x00000000       0x31 binaries/conf.o
 .comment       0x00000000       0x31 binaries/control.o
 .comment       0x00000000       0x31 binaries/create.o
 .comment       0x00000000       0x31 binaries/evec.o
 .comment       0x00000000       0x31 binaries/exit.o
 .comment       0x00000000       0x31 binaries/freebuf.o
 .comment       0x00000000       0x31 binaries/freemem.o
 .comment       0x00000000       0x31 binaries/getbuf.o
 .comment       0x00000000       0x31 binaries/getc.o
 .comment       0x00000000       0x31 binaries/getdev.o
 .comment       0x00000000       0x31 binaries/getitem.o
 .comment       0x00000000       0x31 binaries/getmem.o
 .comment       0x00000000       0x31 binaries/getpid.o
 .comment       0x00000000       0x31 binaries/getprio.o
 .comment       0x00000000       0x31 binaries/getstk.o
 .comment       0x00000000       0x31 binaries/getticks.o
 .comment       0x00000000       0x31 binaries/gettime.o
 .comment       0x00000000       0x31 binaries/getutime.o
 .comment       0x00000000       0x31 binaries/init.o
 .comment       0x00000000       0x31 binaries/initialize.o
 .comment       0x00000000       0x31 binaries/insert.o
 .comment       0x00000000       0x31 binaries/insertd.o
 .comment       0x00000000       0x31 binaries/ioerr.o
 .comment       0x00000000       0x31 binaries/ionull.o
 .comment       0x00000000       0x31 binaries/kill.o
 .comment       0x00000000       0x31 binaries/kprintf.o
 .comment       0x00000000       0x31 binaries/main.o
 .comment       0x00000000       0x31 binaries/mark.o
 .comment       0x00000000       0x31 binaries/meminit.o
 .comment       0x00000000       0x31 binaries/mkbufpool.o
 .comment       0x00000000       0x31 binaries/newqueue.o
 .comment       0x00000000       0x31 binaries/open.o
 .comment       0x00000000       0x31 binaries/panic.o
 .comment       0x00000000       0x31 binaries/platinit.o
 .comment       0x00000000       0x31 binaries/ptclear.o
 .comment       0x00000000       0x31 binaries/ptcount.o
 .comment       0x00000000       0x31 binaries/ptcreate.o
 .comment       0x00000000       0x31 binaries/ptdelete.o
 .comment       0x00000000       0x31 binaries/ptinit.o
 .comment       0x00000000       0x31 binaries/ptrecv.o
 .comment       0x00000000       0x31 binaries/ptreset.o
 .comment       0x00000000       0x31 binaries/ptsend.o
 .comment       0x00000000       0x31 binaries/putc.o
 .comment       0x00000000       0x31 binaries/queue.o
 .comment       0x00000000       0x31 binaries/read.o
 .comment       0x00000000       0x31 binaries/ready.o
 .comment       0x00000000       0x31 binaries/receive.o
 .comment       0x00000000       0x31 binaries/recvclr.o
 .comment       0x00000000       0x31 binaries/recvtime.o
 .comment       0x00000000       0x31 binaries/resched.o
 .comment       0x00000000       0x31 binaries/resume.o
 .comment       0x00000000       0x31 binaries/seek.o
 .comment       0x00000000       0x31 binaries/semcount.o
 .comment       0x00000000       0x31 binaries/semcreate.o
 .comment       0x00000000       0x31 binaries/semdelete.o
 .comment       0x00000000       0x31 binaries/semreset.o
 .comment       0x00000000       0x31 binaries/send.o
 .comment       0x00000000       0x31 binaries/signal.o
 .comment       0x00000000       0x31 binaries/signaln.o
 .comment       0x00000000       0x31 binaries/sleep.o
 .comment       0x00000000       0x31 binaries/suspend.o
 .comment       0x00000000       0x31 binaries/unsleep.o
 .comment       0x00000000       0x31 binaries/userret.o
 .comment       0x00000000       0x31 binaries/wait.o
 .comment       0x00000000       0x31 binaries/wakeup.o
 .comment       0x00000000       0x31 binaries/write.o
 .comment       0x00000000       0x31 binaries/xdone.o
 .comment       0x00000000       0x31 binaries/yield.o
 .comment       0x00000000       0x31 binaries/abs.o
 .comment       0x00000000       0x31 binaries/atoi.o
 .comment       0x00000000       0x31 binaries/atol.o
 .comment       0x00000000       0x31 binaries/bzero.o
 .comment       0x00000000       0x31 binaries/ctype_.o
 .comment       0x00000000       0x31 binaries/doprnt.o
 .comment       0x00000000       0x31 binaries/doscan.o
 .comment       0x00000000       0x31 binaries/fdoprnt.o
 .comment       0x00000000       0x31 binaries/fgetc.o
 .comment       0x00000000       0x31 binaries/fgets.o
 .comment       0x00000000       0x31 binaries/fprintf.o
 .comment       0x00000000       0x31 binaries/fputc.o
 .comment       0x00000000       0x31 binaries/fputs.o
 .comment       0x00000000       0x31 binaries/fscanf.o
 .comment       0x00000000       0x31 binaries/getchar.o
 .comment       0x00000000       0x31 binaries/labs.o
 .comment       0x00000000       0x31 binaries/memchr.o
 .comment       0x00000000       0x31 binaries/memcmp.o
 .comment       0x00000000       0x31 binaries/memcpy.o
 .comment       0x00000000       0x31 binaries/memset.o
 .comment       0x00000000       0x31 binaries/printf.o
 .comment       0x00000000       0x31 binaries/putchar.o
 .comment       0x00000000       0x31 binaries/qsort.o
 .comment       0x00000000       0x31 binaries/rand.o
 .comment       0x00000000       0x31 binaries/sprintf.o
 .comment       0x00000000       0x31 binaries/sscanf.o
 .comment       0x00000000       0x31 binaries/strchr.o
 .comment       0x00000000       0x31 binaries/strcmp.o
 .comment       0x00000000       0x31 binaries/strcpy.o
 .comment       0x00000000       0x31 binaries/strlen.o
 .comment       0x00000000       0x31 binaries/strncat.o
 .comment       0x00000000       0x31 binaries/strncmp.o
 .comment       0x00000000       0x31 binaries/strncpy.o
 .comment       0x00000000       0x31 binaries/strnlen.o
 .comment       0x00000000       0x31 binaries/strrchr.o
 .comment       0x00000000       0x31 binaries/strstr.o
 .comment       0x00000000       0x31 binaries/ttycontrol.o
 .comment       0x00000000       0x31 binaries/ttygetc.o
 .comment       0x00000000       0x31 binaries/ttyhandle_in.o
 .comment       0x00000000       0x31 binaries/ttyhandle_out.o
 .comment       0x00000000       0x31 binaries/ttyhandler.o
 .comment       0x00000000       0x31 binaries/ttyinit.o
 .comment       0x00000000       0x31 binaries/ttykickout.o
 .comment       0x00000000       0x31 binaries/ttyputc.o
 .comment       0x00000000       0x31 binaries/ttyread.o
 .comment       0x00000000       0x31 binaries/ttywrite.o
 .comment       0x00000000       0x31 binaries/mount.o
 .comment       0x00000000       0x31 binaries/naminit.o
 .comment       0x00000000       0x31 binaries/nammap.o
 .comment       0x00000000       0x31 binaries/namopen.o
 .comment       0x00000000       0x31 binaries/ethcontrol.o
 .comment       0x00000000       0x31 binaries/ethhandler.o
 .comment       0x00000000       0x31 binaries/ethinit.o
 .comment       0x00000000       0x31 binaries/ethread.o
 .comment       0x00000000       0x31 binaries/ethwrite.o
 .comment       0x00000000       0x31 binaries/rdsbufalloc.o
 .comment       0x00000000       0x31 binaries/rdsclose.o
 .comment       0x00000000       0x31 binaries/rdscomm.o
 .comment       0x00000000       0x31 binaries/rdscontrol.o
 .comment       0x00000000       0x31 binaries/rdsinit.o
 .comment       0x00000000       0x31 binaries/rdsopen.o
 .comment       0x00000000       0x31 binaries/rdsprocess.o
 .comment       0x00000000       0x31 binaries/rdsread.o
 .comment       0x00000000       0x31 binaries/rdswrite.o
 .comment       0x00000000       0x31 binaries/ramclose.o
 .comment       0x00000000       0x31 binaries/raminit.o
 .comment       0x00000000       0x31 binaries/ramopen.o
 .comment       0x00000000       0x31 binaries/ramread.o
 .comment       0x00000000       0x31 binaries/ramwrite.o
 .comment       0x00000000       0x31 binaries/lfdballoc.o
 .comment       0x00000000       0x31 binaries/lfdbfree.o
 .comment       0x00000000       0x31 binaries/lfflush.o
 .comment       0x00000000       0x31 binaries/lfgetmode.o
 .comment       0x00000000       0x31 binaries/lfiballoc.o
 .comment       0x00000000       0x31 binaries/lfibclear.o
 .comment       0x00000000       0x31 binaries/lfibget.o
 .comment       0x00000000       0x31 binaries/lfibput.o
 .comment       0x00000000       0x31 binaries/lflclose.o
 .comment       0x00000000       0x31 binaries/lflcontrol.o
 .comment       0x00000000       0x31 binaries/lflgetc.o
 .comment       0x00000000       0x31 binaries/lflinit.o
 .comment       0x00000000       0x31 binaries/lflputc.o
 .comment       0x00000000       0x31 binaries/lflread.o
 .comment       0x00000000       0x31 binaries/lflseek.o
 .comment       0x00000000       0x31 binaries/lflwrite.o
 .comment       0x00000000       0x31 binaries/lfscheck.o
 .comment       0x00000000       0x31 binaries/lfsckfmt.o
 .comment       0x00000000       0x31 binaries/lfscreate.o
 .comment       0x00000000       0x31 binaries/lfsetup.o
 .comment       0x00000000       0x31 binaries/lfsinit.o
 .comment       0x00000000       0x31 binaries/lfsopen.o
 .comment       0x00000000       0x31 binaries/lftruncate.o
 .comment       0x00000000       0x31 binaries/rflclose.o
 .comment       0x00000000       0x31 binaries/rflgetc.o
 .comment       0x00000000       0x31 binaries/rflinit.o
 .comment       0x00000000       0x31 binaries/rflputc.o
 .comment       0x00000000       0x31 binaries/rflread.o
 .comment       0x00000000       0x31 binaries/rflseek.o
 .comment       0x00000000       0x31 binaries/rflwrite.o
 .comment       0x00000000       0x31 binaries/rfscomm.o
 .comment       0x00000000       0x31 binaries/rfscontrol.o
 .comment       0x00000000       0x31 binaries/rfsgetmode.o
 .comment       0x00000000       0x31 binaries/rfsinit.o
 .comment       0x00000000       0x31 binaries/rfsndmsg.o
 .comment       0x00000000       0x31 binaries/rfsopen.o
 .comment       0x00000000       0x31 binaries/spicontrol.o
 .comment       0x00000000       0x31 binaries/spiinit.o
 .comment       0x00000000       0x31 binaries/gpiocontrol.o
 .comment       0x00000000       0x31 binaries/gpiohandler.o
 .comment       0x00000000       0x31 binaries/gpioinit.o
 .comment       0x00000000       0x31 binaries/gpioread.o
 .comment       0x00000000       0x31 binaries/gpioselect.o
 .comment       0x00000000       0x31 binaries/gpiowrite.o
 .comment       0x00000000       0x31 binaries/arp.o
 .comment       0x00000000       0x31 binaries/dhcp.o
 .comment       0x00000000       0x31 binaries/dns.o
 .comment       0x00000000       0x31 binaries/dot2ip.o
 .comment       0x00000000       0x31 binaries/hexdump.o
 .comment       0x00000000       0x31 binaries/icmp.o
 .comment       0x00000000       0x31 binaries/ip.o
 .comment       0x00000000       0x31 binaries/net.o
 .comment       0x00000000       0x31 binaries/pdump.o
 .comment       0x00000000       0x31 binaries/tftp.o
 .comment       0x00000000       0x31 binaries/udp.o
 .comment       0x00000000       0x31 binaries/addargs.o
 .comment       0x00000000       0x31 binaries/lexan.o
 .comment       0x00000000       0x31 binaries/shell.o
 .comment       0x00000000       0x31 binaries/xsh_argecho.o
 .comment       0x00000000       0x31 binaries/xsh_arp.o
 .comment       0x00000000       0x31 binaries/xsh_cat.o
 .comment       0x00000000       0x31 binaries/xsh_clear.o
 .comment       0x00000000       0x31 binaries/xsh_date.o
 .comment       0x00000000       0x31 binaries/xsh_devdump.o
 .comment       0x00000000       0x31 binaries/xsh_echo.o
 .comment       0x00000000       0x31 binaries/xsh_exit.o
 .comment       0x00000000       0x31 binaries/xsh_help.o
 .comment       0x00000000       0x31 binaries/xsh_kill.o
 .comment       0x00000000       0x31 binaries/xsh_memdump.o
 .comment       0x00000000       0x31 binaries/xsh_memstat.o
 .comment       0x00000000       0x31 binaries/xsh_netinfo.o
 .comment       0x00000000       0x31 binaries/xsh_ping.o
 .comment       0x00000000       0x31 binaries/xsh_ps.o
 .comment       0x00000000       0x31 binaries/xsh_sleep.o
 .comment       0x00000000       0x31 binaries/xsh_udpdump.o
 .comment       0x00000000       0x31 binaries/xsh_udpecho.o
 .comment       0x00000000       0x31 binaries/xsh_udpserver.o
 .comment       0x00000000       0x31 binaries/xsh_uptime.o
